<?xml version="1.0" encoding="utf-8"?>
<TestRun id="f5fa160b-bae1-4b8e-bc2a-e1b17a94d4d7" name="davidrodr@DESKTOP-2NVR67H 2024-06-26 16:55:25" runUser="EUROPE\davidrodr" xmlns="http://microsoft.com/schemas/VisualStudio/TeamTest/2010">
  <Times creation="2024-06-26T16:55:25.9367602+02:00" queuing="2024-06-26T16:55:25.9367603+02:00" start="2024-06-26T16:55:25.3945000+02:00" finish="2024-06-26T16:55:25.9946946+02:00" />
  <TestSettings name="default" id="2e241fc3-1ed2-44b3-815b-72f0a7886a39">
    <Deployment runDeploymentRoot="davidrodr_DESKTOP-2NVR67H_2024-06-26_16_55_25" />
  </TestSettings>
  <Results>
    <UnitTestResult executionId="b9affad2-a6b9-4622-9ee0-b171f5a09458" testId="d770573b-946f-864b-c62b-9827b24b6d24" testName="CCOInsights.SubscriptionManager.UnitTests.RoleDefinitionsUpdaterTests.UpdateAsync_ShouldUpdate_IfValid" computerName="DESKTOP-2NVR67H" duration="00:00:00.0363645" startTime="2024-06-26T16:55:25.9444496+02:00" endTime="2024-06-26T16:55:25.9444498+02:00" testType="13cdc9d9-ddb5-4fa4-a97d-d965ccfc6d4b" outcome="Passed" testListId="8c84fa94-04c1-424b-9868-57a2d4851a1d" relativeResultsDirectory="b9affad2-a6b9-4622-9ee0-b171f5a09458" />
    <UnitTestResult executionId="717b9d6f-9d26-4ae1-93df-a65be98b9632" testId="ae31c901-66c0-5a4c-3d30-7a275679bb36" testName="CCOInsights.SubscriptionManager.UnitTests.DisksUpdaterTests.UpdateAsync_ShouldUpdate_IfValid" computerName="DESKTOP-2NVR67H" duration="00:00:00.0666680" startTime="2024-06-26T16:55:25.9226059+02:00" endTime="2024-06-26T16:55:25.9226059+02:00" testType="13cdc9d9-ddb5-4fa4-a97d-d965ccfc6d4b" outcome="Passed" testListId="8c84fa94-04c1-424b-9868-57a2d4851a1d" relativeResultsDirectory="717b9d6f-9d26-4ae1-93df-a65be98b9632" />
    <UnitTestResult executionId="2f42d53a-a296-4bc5-9fc8-097379f64204" testId="39da530f-a6cb-9345-16b2-fc6c764accc6" testName="CCOInsights.SubscriptionManager.UnitTests.BlueprintArtifactUpdaterTests.UpdateAsync_ShouldUpdate_IfValid" computerName="DESKTOP-2NVR67H" duration="00:00:00.0665891" startTime="2024-06-26T16:55:25.9225250+02:00" endTime="2024-06-26T16:55:25.9225251+02:00" testType="13cdc9d9-ddb5-4fa4-a97d-d965ccfc6d4b" outcome="Passed" testListId="8c84fa94-04c1-424b-9868-57a2d4851a1d" relativeResultsDirectory="2f42d53a-a296-4bc5-9fc8-097379f64204" />
    <UnitTestResult executionId="0eb6f0a2-09a5-483e-aa61-b354e2cf094c" testId="e2402eb5-5b50-765d-8198-52972d200f1d" testName="CCOInsights.SubscriptionManager.UnitTests.AdvisorScoreUpdaterTests.UpdateAsync_ShouldUpdate_IfValid" computerName="DESKTOP-2NVR67H" duration="00:00:00.0428456" startTime="2024-06-26T16:55:25.9510677+02:00" endTime="2024-06-26T16:55:25.9510677+02:00" testType="13cdc9d9-ddb5-4fa4-a97d-d965ccfc6d4b" outcome="Passed" testListId="8c84fa94-04c1-424b-9868-57a2d4851a1d" relativeResultsDirectory="0eb6f0a2-09a5-483e-aa61-b354e2cf094c" />
    <UnitTestResult executionId="cfc1320f-4219-4523-aa4a-752d1fda06b9" testId="9b8a947f-494e-7882-3d4a-bb66356dbe4b" testName="CCOInsights.SubscriptionManager.UnitTests.AppServicePlansUpdaterTests.UpdateAsync_ShouldUpdate_IfValid" computerName="DESKTOP-2NVR67H" duration="00:00:00.0389136" startTime="2024-06-26T16:55:25.9469726+02:00" endTime="2024-06-26T16:55:25.9469727+02:00" testType="13cdc9d9-ddb5-4fa4-a97d-d965ccfc6d4b" outcome="Passed" testListId="8c84fa94-04c1-424b-9868-57a2d4851a1d" relativeResultsDirectory="cfc1320f-4219-4523-aa4a-752d1fda06b9" />
    <UnitTestResult executionId="e6835c3e-9f15-4a9c-aaca-492e509ff8d9" testId="f8651360-0c02-3a6a-605d-ceea29ba2640" testName="CCOInsights.SubscriptionManager.UnitTests.KeyVaultUpdaterTests.UpdateAsync_ShouldUpdateNics_IfValid" computerName="DESKTOP-2NVR67H" duration="00:00:00.0071422" startTime="2024-06-26T16:55:25.9235767+02:00" endTime="2024-06-26T16:55:25.9235768+02:00" testType="13cdc9d9-ddb5-4fa4-a97d-d965ccfc6d4b" outcome="Passed" testListId="8c84fa94-04c1-424b-9868-57a2d4851a1d" relativeResultsDirectory="e6835c3e-9f15-4a9c-aaca-492e509ff8d9" />
    <UnitTestResult executionId="9205b052-e419-4d92-bb8f-c4cba4051cd9" testId="32a73b8d-5d41-587a-eaa1-4e098be8627a" testName="CCOInsights.SubscriptionManager.UnitTests.SubscriptionsUpdaterTests.UpdateAsync_ShouldUpdate_IfValid" computerName="DESKTOP-2NVR67H" duration="00:00:00.0653400" startTime="2024-06-26T16:55:25.9059521+02:00" endTime="2024-06-26T16:55:25.9059524+02:00" testType="13cdc9d9-ddb5-4fa4-a97d-d965ccfc6d4b" outcome="Passed" testListId="8c84fa94-04c1-424b-9868-57a2d4851a1d" relativeResultsDirectory="9205b052-e419-4d92-bb8f-c4cba4051cd9" />
    <UnitTestResult executionId="fc096b91-436d-4452-a9df-103bc535553f" testId="7cfb9350-a5fc-46fd-97cd-a41b197682d5" testName="CCOInsights.SubscriptionManager.UnitTests.RoleAssignmentUpdaterTests.UpdateAsync_ShouldUpdate_IfValid" computerName="DESKTOP-2NVR67H" duration="00:00:00.0669329" startTime="2024-06-26T16:55:25.9236239+02:00" endTime="2024-06-26T16:55:25.9236239+02:00" testType="13cdc9d9-ddb5-4fa4-a97d-d965ccfc6d4b" outcome="Passed" testListId="8c84fa94-04c1-424b-9868-57a2d4851a1d" relativeResultsDirectory="fc096b91-436d-4452-a9df-103bc535553f" />
    <UnitTestResult executionId="e3ae3680-295c-403b-b5a9-ed3156d28216" testId="341938e6-c16b-8e55-6a4d-665786e87869" testName="CCOInsights.SubscriptionManager.UnitTests.PublicIPUpdaterTests.UpdateAsync_ShouldUpdate_IfValid" computerName="DESKTOP-2NVR67H" duration="00:00:00.0341714" startTime="2024-06-26T16:55:25.9422539+02:00" endTime="2024-06-26T16:55:25.9422540+02:00" testType="13cdc9d9-ddb5-4fa4-a97d-d965ccfc6d4b" outcome="Passed" testListId="8c84fa94-04c1-424b-9868-57a2d4851a1d" relativeResultsDirectory="e3ae3680-295c-403b-b5a9-ed3156d28216" />
    <UnitTestResult executionId="356b3a80-e295-4733-b8fe-7d20348ad405" testId="efd46a44-df2b-8332-38b7-e02686ae12d3" testName="CCOInsights.SubscriptionManager.UnitTests.DataLakeContainerProviderTests.DataLakeContainerProvider_DataLakeContainerName_ShouldBeEqual" computerName="DESKTOP-2NVR67H" duration="00:00:00.0015139" startTime="2024-06-26T16:55:25.9405180+02:00" endTime="2024-06-26T16:55:25.9405181+02:00" testType="13cdc9d9-ddb5-4fa4-a97d-d965ccfc6d4b" outcome="Passed" testListId="8c84fa94-04c1-424b-9868-57a2d4851a1d" relativeResultsDirectory="356b3a80-e295-4733-b8fe-7d20348ad405" />
    <UnitTestResult executionId="9c262d6c-0190-4712-842a-adda47b1c93a" testId="c8aa71ca-400f-4520-0f62-4421f3269ffe" testName="CCOInsights.SubscriptionManager.UnitTests.VirtualNetworksUpdaterTests.UpdateAsync_ShouldUpdate_IfValid" computerName="DESKTOP-2NVR67H" duration="00:00:00.0665811" startTime="2024-06-26T16:55:25.9072163+02:00" endTime="2024-06-26T16:55:25.9072163+02:00" testType="13cdc9d9-ddb5-4fa4-a97d-d965ccfc6d4b" outcome="Passed" testListId="8c84fa94-04c1-424b-9868-57a2d4851a1d" relativeResultsDirectory="9c262d6c-0190-4712-842a-adda47b1c93a" />
    <UnitTestResult executionId="7cc9043a-39fa-4f76-a6e5-3ef4467a96bb" testId="fd2211c5-35a8-af94-c59e-0378331fd92c" testName="CCOInsights.SubscriptionManager.UnitTests.VirtualMachineUpdaterTests.UpdateAsync_ShouldUpdate_IfValid" computerName="DESKTOP-2NVR67H" duration="00:00:00.0166356" startTime="2024-06-26T16:55:25.9553512+02:00" endTime="2024-06-26T16:55:25.9553512+02:00" testType="13cdc9d9-ddb5-4fa4-a97d-d965ccfc6d4b" outcome="Passed" testListId="8c84fa94-04c1-424b-9868-57a2d4851a1d" relativeResultsDirectory="7cc9043a-39fa-4f76-a6e5-3ef4467a96bb" />
    <UnitTestResult executionId="b669bfeb-14e1-413d-9d2f-28c79a5aa257" testId="32e4d274-cc5c-f39d-6f32-062cad8c2e74" testName="CCOInsights.SubscriptionManager.UnitTests.BlueprintUpdaterTests.UpdateAsync_ShouldUpdate_IfValid" computerName="DESKTOP-2NVR67H" duration="00:00:00.0413060" startTime="2024-06-26T16:55:25.9493784+02:00" endTime="2024-06-26T16:55:25.9493785+02:00" testType="13cdc9d9-ddb5-4fa4-a97d-d965ccfc6d4b" outcome="Passed" testListId="8c84fa94-04c1-424b-9868-57a2d4851a1d" relativeResultsDirectory="b669bfeb-14e1-413d-9d2f-28c79a5aa257" />
    <UnitTestResult executionId="cec258ee-574b-4a9f-bc29-e0a4f59cc180" testId="627ca31a-58e7-bde6-8288-5c5036e3bcdb" testName="CCOInsights.SubscriptionManager.UnitTests.SubAssessmentUpdaterTests.UpdateAsync_ShouldUpdate_IfValid" computerName="DESKTOP-2NVR67H" duration="00:00:00.0666714" startTime="2024-06-26T16:55:25.9226236+02:00" endTime="2024-06-26T16:55:25.9226236+02:00" testType="13cdc9d9-ddb5-4fa4-a97d-d965ccfc6d4b" outcome="Passed" testListId="8c84fa94-04c1-424b-9868-57a2d4851a1d" relativeResultsDirectory="cec258ee-574b-4a9f-bc29-e0a4f59cc180" />
    <UnitTestResult executionId="0debb57c-644d-4e97-8429-ebe171fd2e10" testId="1518fa99-592a-ab3b-0b8d-c25e172cf871" testName="CCOInsights.SubscriptionManager.UnitTests.VirtualMachineExtensionUpdaterTests.UpdateAsync_ShouldUpdate_IfValid" computerName="DESKTOP-2NVR67H" duration="00:00:00.0303536" startTime="2024-06-26T16:55:25.9384439+02:00" endTime="2024-06-26T16:55:25.9384444+02:00" testType="13cdc9d9-ddb5-4fa4-a97d-d965ccfc6d4b" outcome="Passed" testListId="8c84fa94-04c1-424b-9868-57a2d4851a1d" relativeResultsDirectory="0debb57c-644d-4e97-8429-ebe171fd2e10" />
    <UnitTestResult executionId="1bef17d1-a4ff-417e-89a3-377737ac4f38" testId="4200e7c7-e5a8-ebaf-a306-de76d5443e66" testName="CCOInsights.SubscriptionManager.UnitTests.DefenderSecureScoreControlDefinitionUpdaterTests.UpdateAsync_ShouldUpdate_IfValid" computerName="DESKTOP-2NVR67H" duration="00:00:00.0406599" startTime="2024-06-26T16:55:25.9487193+02:00" endTime="2024-06-26T16:55:25.9487194+02:00" testType="13cdc9d9-ddb5-4fa4-a97d-d965ccfc6d4b" outcome="Passed" testListId="8c84fa94-04c1-424b-9868-57a2d4851a1d" relativeResultsDirectory="1bef17d1-a4ff-417e-89a3-377737ac4f38" />
    <UnitTestResult executionId="1dde27ed-d31c-4d97-8e83-497f5d6b7a97" testId="77e72a71-f746-fb18-a175-e274d8dcad67" testName="CCOInsights.SubscriptionManager.UnitTests.DefenderAlertUpdaterTests.UpdateAsync_ShouldUpdate_IfValid" computerName="DESKTOP-2NVR67H" duration="00:00:00.0155929" startTime="2024-06-26T16:55:25.9560119+02:00" endTime="2024-06-26T16:55:25.9560119+02:00" testType="13cdc9d9-ddb5-4fa4-a97d-d965ccfc6d4b" outcome="Passed" testListId="8c84fa94-04c1-424b-9868-57a2d4851a1d" relativeResultsDirectory="1dde27ed-d31c-4d97-8e83-497f5d6b7a97" />
    <UnitTestResult executionId="3cd851d5-0e49-4002-9593-f17ab70dea84" testId="e67eb20b-60d5-b324-a642-d69daf3ac63d" testName="CCOInsights.SubscriptionManager.UnitTests.ResourceGroupsUpdaterTests.UpdateAsync_ShouldUpdate_IfValid" computerName="DESKTOP-2NVR67H" duration="00:00:00.0665633" startTime="2024-06-26T16:55:25.9071633+02:00" endTime="2024-06-26T16:55:25.9071633+02:00" testType="13cdc9d9-ddb5-4fa4-a97d-d965ccfc6d4b" outcome="Passed" testListId="8c84fa94-04c1-424b-9868-57a2d4851a1d" relativeResultsDirectory="3cd851d5-0e49-4002-9593-f17ab70dea84" />
    <UnitTestResult executionId="f9a4ff94-7422-4add-8566-d12b42e7095b" testId="223ef07d-c3a3-9189-b4bc-ff2d3851756a" testName="CCOInsights.SubscriptionManager.UnitTests.DefenderSecureScoreControlUpdaterTests.UpdateAsync_ShouldUpdate_IfValid" computerName="DESKTOP-2NVR67H" duration="00:00:00.0436801" startTime="2024-06-26T16:55:25.9521893+02:00" endTime="2024-06-26T16:55:25.9521894+02:00" testType="13cdc9d9-ddb5-4fa4-a97d-d965ccfc6d4b" outcome="Passed" testListId="8c84fa94-04c1-424b-9868-57a2d4851a1d" relativeResultsDirectory="f9a4ff94-7422-4add-8566-d12b42e7095b" />
    <UnitTestResult executionId="e32e10c3-edc8-4e6d-862f-69e692391668" testId="1805e240-ff99-8336-07f7-3250981d4842" testName="CCOInsights.SubscriptionManager.UnitTests.VirtualMachinePatchUpdaterTests.UpdateAsync_ShouldUpdate_IfValid" computerName="DESKTOP-2NVR67H" duration="00:00:00.0354272" startTime="2024-06-26T16:55:25.9435065+02:00" endTime="2024-06-26T16:55:25.9435066+02:00" testType="13cdc9d9-ddb5-4fa4-a97d-d965ccfc6d4b" outcome="Passed" testListId="8c84fa94-04c1-424b-9868-57a2d4851a1d" relativeResultsDirectory="e32e10c3-edc8-4e6d-862f-69e692391668" />
    <UnitTestResult executionId="12d1a892-6101-474c-99dd-f480244717cb" testId="e1a2afff-03cf-cfd4-16c4-3396a0593421" testName="CCOInsights.SubscriptionManager.UnitTests.NicsUpdaterTests.UpdateAsync_ShouldUpdateNics_IfValid" computerName="DESKTOP-2NVR67H" duration="00:00:00.0665840" startTime="2024-06-26T16:55:25.9225154+02:00" endTime="2024-06-26T16:55:25.9225154+02:00" testType="13cdc9d9-ddb5-4fa4-a97d-d965ccfc6d4b" outcome="Passed" testListId="8c84fa94-04c1-424b-9868-57a2d4851a1d" relativeResultsDirectory="12d1a892-6101-474c-99dd-f480244717cb" />
    <UnitTestResult executionId="9e80bb54-e079-4cb2-9d9d-c37f02ccabeb" testId="b7e31e37-388d-daab-3a57-6b421b9393dd" testName="CCOInsights.SubscriptionManager.UnitTests.DefenderAssessmentUpdaterTests.UpdateAsync_ShouldUpdate_IfValid" computerName="DESKTOP-2NVR67H" duration="00:00:00.0664960" startTime="2024-06-26T16:55:25.9071756+02:00" endTime="2024-06-26T16:55:25.9071757+02:00" testType="13cdc9d9-ddb5-4fa4-a97d-d965ccfc6d4b" outcome="Passed" testListId="8c84fa94-04c1-424b-9868-57a2d4851a1d" relativeResultsDirectory="9e80bb54-e079-4cb2-9d9d-c37f02ccabeb" />
    <UnitTestResult executionId="7260945e-b182-401a-9707-feda75b41dbc" testId="1fc1bc7a-1057-8d35-e351-6a62548fa0cf" testName="CCOInsights.SubscriptionManager.UnitTests.EntitiesUpdaterTests.UpdateAsync_ShouldUpdate_IfValid" computerName="DESKTOP-2NVR67H" duration="00:00:00.0307948" startTime="2024-06-26T16:55:25.9390140+02:00" endTime="2024-06-26T16:55:25.9390140+02:00" testType="13cdc9d9-ddb5-4fa4-a97d-d965ccfc6d4b" outcome="Passed" testListId="8c84fa94-04c1-424b-9868-57a2d4851a1d" relativeResultsDirectory="7260945e-b182-401a-9707-feda75b41dbc" />
    <UnitTestResult executionId="eedcea2f-8d4f-4f29-b9cc-2c506244dcc3" testId="5b0d72ac-eb43-3202-9aa1-f417b096823e" testName="CCOInsights.SubscriptionManager.UnitTests.BlueprintPublishedUpdaterTests.UpdateAsync_ShouldUpdate_IfValid" computerName="DESKTOP-2NVR67H" duration="00:00:00.0665536" startTime="2024-06-26T16:55:25.9225090+02:00" endTime="2024-06-26T16:55:25.9225090+02:00" testType="13cdc9d9-ddb5-4fa4-a97d-d965ccfc6d4b" outcome="Passed" testListId="8c84fa94-04c1-424b-9868-57a2d4851a1d" relativeResultsDirectory="eedcea2f-8d4f-4f29-b9cc-2c506244dcc3" />
    <UnitTestResult executionId="ee4490ec-7ffc-4223-8766-c433acced71d" testId="eb473d8d-2c5f-fbed-e8be-c4d41a9c78e1" testName="CCOInsights.SubscriptionManager.UnitTests.NicsUpdaterTests.UpdateAsync_ShouldNotUpdateNics_IfNotValid" computerName="DESKTOP-2NVR67H" duration="00:00:00.0023108" startTime="2024-06-26T16:55:25.9241117+02:00" endTime="2024-06-26T16:55:25.9241118+02:00" testType="13cdc9d9-ddb5-4fa4-a97d-d965ccfc6d4b" outcome="Passed" testListId="8c84fa94-04c1-424b-9868-57a2d4851a1d" relativeResultsDirectory="ee4490ec-7ffc-4223-8766-c433acced71d" />
    <UnitTestResult executionId="1d28b517-cde2-489a-8687-f3f0153f6404" testId="858fa877-65cd-99c7-5410-21dafd8c6eb8" testName="CCOInsights.SubscriptionManager.UnitTests.ResourcesUpdaterTests.UpdateAsync_ShouldUpdate_IfValid" computerName="DESKTOP-2NVR67H" duration="00:00:00.0442494" startTime="2024-06-26T16:55:25.9539363+02:00" endTime="2024-06-26T16:55:25.9539364+02:00" testType="13cdc9d9-ddb5-4fa4-a97d-d965ccfc6d4b" outcome="Passed" testListId="8c84fa94-04c1-424b-9868-57a2d4851a1d" relativeResultsDirectory="1d28b517-cde2-489a-8687-f3f0153f6404" />
    <UnitTestResult executionId="18f9ce7a-0c4c-424a-b8da-9c737bd01fe9" testId="3bea807f-5eb2-4b9b-c6f1-253e3dcc218f" testName="CCOInsights.SubscriptionManager.UnitTests.PolicyDefinitionsUpdaterTests.ShouldUpdate_IfValid" computerName="DESKTOP-2NVR67H" duration="00:00:00.0321598" startTime="2024-06-26T16:55:25.9402300+02:00" endTime="2024-06-26T16:55:25.9402301+02:00" testType="13cdc9d9-ddb5-4fa4-a97d-d965ccfc6d4b" outcome="Passed" testListId="8c84fa94-04c1-424b-9868-57a2d4851a1d" relativeResultsDirectory="18f9ce7a-0c4c-424a-b8da-9c737bd01fe9" />
    <UnitTestResult executionId="264507c5-4081-4573-b883-7f0f2afc4d8b" testId="d5d7d81a-ca58-f9e0-ef57-7ab6db46d876" testName="CCOInsights.SubscriptionManager.UnitTests.KeyVaultUpdaterTests.UpdateAsync_ShouldNotUpdateNics_IfNotValid" computerName="DESKTOP-2NVR67H" duration="00:00:00.0578508" startTime="2024-06-26T16:55:25.9004292+02:00" endTime="2024-06-26T16:55:25.9004553+02:00" testType="13cdc9d9-ddb5-4fa4-a97d-d965ccfc6d4b" outcome="Passed" testListId="8c84fa94-04c1-424b-9868-57a2d4851a1d" relativeResultsDirectory="264507c5-4081-4573-b883-7f0f2afc4d8b" />
    <UnitTestResult executionId="d096245c-b53e-44ac-a3ae-38193bd607d8" testId="f846cd99-6986-accf-1a02-1bdebc372d55" testName="CCOInsights.SubscriptionManager.UnitTests.PolicySetDefinitionsUpdaterTests.UpdateAsync_ShouldUpdate_IfValid" computerName="DESKTOP-2NVR67H" duration="00:00:00.0665266" startTime="2024-06-26T16:55:25.9224450+02:00" endTime="2024-06-26T16:55:25.9224450+02:00" testType="13cdc9d9-ddb5-4fa4-a97d-d965ccfc6d4b" outcome="Passed" testListId="8c84fa94-04c1-424b-9868-57a2d4851a1d" relativeResultsDirectory="d096245c-b53e-44ac-a3ae-38193bd607d8" />
    <UnitTestResult executionId="72e2b480-3175-4abc-b4ee-1ad218924d77" testId="1bd3428b-75b2-0bd3-5a4a-8e2beb92b4a4" testName="CCOInsights.SubscriptionManager.UnitTests.PricingUpdaterTests.UpdateAsync_ShouldUpdate_IfValid" computerName="DESKTOP-2NVR67H" duration="00:00:00.0664816" startTime="2024-06-26T16:55:25.9071228+02:00" endTime="2024-06-26T16:55:25.9071230+02:00" testType="13cdc9d9-ddb5-4fa4-a97d-d965ccfc6d4b" outcome="Passed" testListId="8c84fa94-04c1-424b-9868-57a2d4851a1d" relativeResultsDirectory="72e2b480-3175-4abc-b4ee-1ad218924d77" />
    <UnitTestResult executionId="3cbe6d9d-18b6-4063-b2bd-0a6f0e9b9099" testId="9cbea815-b88e-a8fe-f890-6160fd1549de" testName="CCOInsights.SubscriptionManager.UnitTests.LocationsUpdaterTests.UpdateAsync_ShouldUpdate_IfValid" computerName="DESKTOP-2NVR67H" duration="00:00:00.0665681" startTime="2024-06-26T16:55:25.9225445+02:00" endTime="2024-06-26T16:55:25.9225445+02:00" testType="13cdc9d9-ddb5-4fa4-a97d-d965ccfc6d4b" outcome="Passed" testListId="8c84fa94-04c1-424b-9868-57a2d4851a1d" relativeResultsDirectory="3cbe6d9d-18b6-4063-b2bd-0a6f0e9b9099" />
    <UnitTestResult executionId="8219d250-8296-4263-b1ea-97b83846d2e5" testId="8285435b-9509-43d1-63b2-a04dd76a15fb" testName="CCOInsights.SubscriptionManager.UnitTests.PolicyStateUpdaterTests.UpdateAsync_ShouldUpdate_IfValid" computerName="DESKTOP-2NVR67H" duration="00:00:00.0665564" startTime="2024-06-26T16:55:25.9224995+02:00" endTime="2024-06-26T16:55:25.9224996+02:00" testType="13cdc9d9-ddb5-4fa4-a97d-d965ccfc6d4b" outcome="Passed" testListId="8c84fa94-04c1-424b-9868-57a2d4851a1d" relativeResultsDirectory="8219d250-8296-4263-b1ea-97b83846d2e5" />
    <UnitTestResult executionId="6b5bb9b9-121d-4595-9421-7c6b0608eac9" testId="f6a2873e-8277-42de-a0b3-c009da4b7947" testName="CCOInsights.SubscriptionManager.UnitTests.NetworkUsagesUpdaterTests.UpdateAsync_ShouldUpdate_IfValid" computerName="DESKTOP-2NVR67H" duration="00:00:00.0397023" startTime="2024-06-26T16:55:25.9477452+02:00" endTime="2024-06-26T16:55:25.9477453+02:00" testType="13cdc9d9-ddb5-4fa4-a97d-d965ccfc6d4b" outcome="Passed" testListId="8c84fa94-04c1-424b-9868-57a2d4851a1d" relativeResultsDirectory="6b5bb9b9-121d-4595-9421-7c6b0608eac9" />
    <UnitTestResult executionId="f42ff9bb-5339-450a-a167-24b9750dc896" testId="25bed6bc-ae68-8402-1ad0-05cfe9608f2e" testName="CCOInsights.SubscriptionManager.UnitTests.DefenderAssessmentMetadataUpdaterTests.UpdateAsync_ShouldUpdate_IfValid" computerName="DESKTOP-2NVR67H" duration="00:00:00.0377602" startTime="2024-06-26T16:55:25.9458273+02:00" endTime="2024-06-26T16:55:25.9458274+02:00" testType="13cdc9d9-ddb5-4fa4-a97d-d965ccfc6d4b" outcome="Passed" testListId="8c84fa94-04c1-424b-9868-57a2d4851a1d" relativeResultsDirectory="f42ff9bb-5339-450a-a167-24b9750dc896" />
    <UnitTestResult executionId="834d4a9c-f928-4f62-8767-8dfe6faa95a0" testId="40b0739b-7f45-7068-e0e2-30453a3515d9" testName="CCOInsights.SubscriptionManager.UnitTests.StorageUsageUpdaterTests.UpdateAsync_ShouldUpdate_IfValid" computerName="DESKTOP-2NVR67H" duration="00:00:00.0648169" startTime="2024-06-26T16:55:25.9223669+02:00" endTime="2024-06-26T16:55:25.9223670+02:00" testType="13cdc9d9-ddb5-4fa4-a97d-d965ccfc6d4b" outcome="Passed" testListId="8c84fa94-04c1-424b-9868-57a2d4851a1d" relativeResultsDirectory="834d4a9c-f928-4f62-8767-8dfe6faa95a0" />
    <UnitTestResult executionId="cae7a7fa-06e7-4076-915c-96559c610b54" testId="57c334b0-ea5c-f071-d6ea-7c54bb6bd57e" testName="CCOInsights.SubscriptionManager.UnitTests.ComputeUsageUpdaterTests.ComputeUsageUpdater_UpdateAsync_ShouldUpdate_IfValid" computerName="DESKTOP-2NVR67H" duration="00:00:00.0384407" startTime="2024-06-26T16:55:25.9465053+02:00" endTime="2024-06-26T16:55:25.9465054+02:00" testType="13cdc9d9-ddb5-4fa4-a97d-d965ccfc6d4b" outcome="Passed" testListId="8c84fa94-04c1-424b-9868-57a2d4851a1d" relativeResultsDirectory="cae7a7fa-06e7-4076-915c-96559c610b54" />
    <UnitTestResult executionId="45909835-766e-4f30-9550-2dd459a3cfc9" testId="99c77ed7-4179-aa66-2dc8-c990a21c52b0" testName="CCOInsights.SubscriptionManager.UnitTests.BlueprintAssignmentUpdaterTests.UpdateAsync_ShouldUpdate_IfValid" computerName="DESKTOP-2NVR67H" duration="00:00:00.0341408" startTime="2024-06-26T16:55:25.9422213+02:00" endTime="2024-06-26T16:55:25.9422214+02:00" testType="13cdc9d9-ddb5-4fa4-a97d-d965ccfc6d4b" outcome="Passed" testListId="8c84fa94-04c1-424b-9868-57a2d4851a1d" relativeResultsDirectory="45909835-766e-4f30-9550-2dd459a3cfc9" />
  </Results>
  <TestDefinitions>
    <UnitTest name="CCOInsights.SubscriptionManager.UnitTests.DefenderAssessmentMetadataUpdaterTests.UpdateAsync_ShouldUpdate_IfValid" storage="c:\repos\microsoft\ccoinsights\cco-dashboards\dashboards\cco-backend\solution\tests\ccoinsights.subscriptionmanager.unittests\bin\release\net8.0\ccoinsights.subscriptionmanager.unittests.dll" id="25bed6bc-ae68-8402-1ad0-05cfe9608f2e">
      <Execution id="f42ff9bb-5339-450a-a167-24b9750dc896" />
      <TestMethod codeBase="C:\Repos\Microsoft\CCOInsights\CCO-Dashboards\Dashboards\CCO-Backend\Solution\tests\CCOInsights.SubscriptionManager.UnitTests\bin\Release\net8.0\CCOInsights.SubscriptionManager.UnitTests.dll" adapterTypeName="executor://xunit/VsTestRunner2/netcoreapp" className="CCOInsights.SubscriptionManager.UnitTests.DefenderAssessmentMetadataUpdaterTests" name="UpdateAsync_ShouldUpdate_IfValid" />
    </UnitTest>
    <UnitTest name="CCOInsights.SubscriptionManager.UnitTests.ResourceGroupsUpdaterTests.UpdateAsync_ShouldUpdate_IfValid" storage="c:\repos\microsoft\ccoinsights\cco-dashboards\dashboards\cco-backend\solution\tests\ccoinsights.subscriptionmanager.unittests\bin\release\net8.0\ccoinsights.subscriptionmanager.unittests.dll" id="e67eb20b-60d5-b324-a642-d69daf3ac63d">
      <Execution id="3cd851d5-0e49-4002-9593-f17ab70dea84" />
      <TestMethod codeBase="C:\Repos\Microsoft\CCOInsights\CCO-Dashboards\Dashboards\CCO-Backend\Solution\tests\CCOInsights.SubscriptionManager.UnitTests\bin\Release\net8.0\CCOInsights.SubscriptionManager.UnitTests.dll" adapterTypeName="executor://xunit/VsTestRunner2/netcoreapp" className="CCOInsights.SubscriptionManager.UnitTests.ResourceGroupsUpdaterTests" name="UpdateAsync_ShouldUpdate_IfValid" />
    </UnitTest>
    <UnitTest name="CCOInsights.SubscriptionManager.UnitTests.BlueprintAssignmentUpdaterTests.UpdateAsync_ShouldUpdate_IfValid" storage="c:\repos\microsoft\ccoinsights\cco-dashboards\dashboards\cco-backend\solution\tests\ccoinsights.subscriptionmanager.unittests\bin\release\net8.0\ccoinsights.subscriptionmanager.unittests.dll" id="99c77ed7-4179-aa66-2dc8-c990a21c52b0">
      <Execution id="45909835-766e-4f30-9550-2dd459a3cfc9" />
      <TestMethod codeBase="C:\Repos\Microsoft\CCOInsights\CCO-Dashboards\Dashboards\CCO-Backend\Solution\tests\CCOInsights.SubscriptionManager.UnitTests\bin\Release\net8.0\CCOInsights.SubscriptionManager.UnitTests.dll" adapterTypeName="executor://xunit/VsTestRunner2/netcoreapp" className="CCOInsights.SubscriptionManager.UnitTests.BlueprintAssignmentUpdaterTests" name="UpdateAsync_ShouldUpdate_IfValid" />
    </UnitTest>
    <UnitTest name="CCOInsights.SubscriptionManager.UnitTests.DefenderSecureScoreControlDefinitionUpdaterTests.UpdateAsync_ShouldUpdate_IfValid" storage="c:\repos\microsoft\ccoinsights\cco-dashboards\dashboards\cco-backend\solution\tests\ccoinsights.subscriptionmanager.unittests\bin\release\net8.0\ccoinsights.subscriptionmanager.unittests.dll" id="4200e7c7-e5a8-ebaf-a306-de76d5443e66">
      <Execution id="1bef17d1-a4ff-417e-89a3-377737ac4f38" />
      <TestMethod codeBase="C:\Repos\Microsoft\CCOInsights\CCO-Dashboards\Dashboards\CCO-Backend\Solution\tests\CCOInsights.SubscriptionManager.UnitTests\bin\Release\net8.0\CCOInsights.SubscriptionManager.UnitTests.dll" adapterTypeName="executor://xunit/VsTestRunner2/netcoreapp" className="CCOInsights.SubscriptionManager.UnitTests.DefenderSecureScoreControlDefinitionUpdaterTests" name="UpdateAsync_ShouldUpdate_IfValid" />
    </UnitTest>
    <UnitTest name="CCOInsights.SubscriptionManager.UnitTests.BlueprintPublishedUpdaterTests.UpdateAsync_ShouldUpdate_IfValid" storage="c:\repos\microsoft\ccoinsights\cco-dashboards\dashboards\cco-backend\solution\tests\ccoinsights.subscriptionmanager.unittests\bin\release\net8.0\ccoinsights.subscriptionmanager.unittests.dll" id="5b0d72ac-eb43-3202-9aa1-f417b096823e">
      <Execution id="eedcea2f-8d4f-4f29-b9cc-2c506244dcc3" />
      <TestMethod codeBase="C:\Repos\Microsoft\CCOInsights\CCO-Dashboards\Dashboards\CCO-Backend\Solution\tests\CCOInsights.SubscriptionManager.UnitTests\bin\Release\net8.0\CCOInsights.SubscriptionManager.UnitTests.dll" adapterTypeName="executor://xunit/VsTestRunner2/netcoreapp" className="CCOInsights.SubscriptionManager.UnitTests.BlueprintPublishedUpdaterTests" name="UpdateAsync_ShouldUpdate_IfValid" />
    </UnitTest>
    <UnitTest name="CCOInsights.SubscriptionManager.UnitTests.PolicyStateUpdaterTests.UpdateAsync_ShouldUpdate_IfValid" storage="c:\repos\microsoft\ccoinsights\cco-dashboards\dashboards\cco-backend\solution\tests\ccoinsights.subscriptionmanager.unittests\bin\release\net8.0\ccoinsights.subscriptionmanager.unittests.dll" id="8285435b-9509-43d1-63b2-a04dd76a15fb">
      <Execution id="8219d250-8296-4263-b1ea-97b83846d2e5" />
      <TestMethod codeBase="C:\Repos\Microsoft\CCOInsights\CCO-Dashboards\Dashboards\CCO-Backend\Solution\tests\CCOInsights.SubscriptionManager.UnitTests\bin\Release\net8.0\CCOInsights.SubscriptionManager.UnitTests.dll" adapterTypeName="executor://xunit/VsTestRunner2/netcoreapp" className="CCOInsights.SubscriptionManager.UnitTests.PolicyStateUpdaterTests" name="UpdateAsync_ShouldUpdate_IfValid" />
    </UnitTest>
    <UnitTest name="CCOInsights.SubscriptionManager.UnitTests.PublicIPUpdaterTests.UpdateAsync_ShouldUpdate_IfValid" storage="c:\repos\microsoft\ccoinsights\cco-dashboards\dashboards\cco-backend\solution\tests\ccoinsights.subscriptionmanager.unittests\bin\release\net8.0\ccoinsights.subscriptionmanager.unittests.dll" id="341938e6-c16b-8e55-6a4d-665786e87869">
      <Execution id="e3ae3680-295c-403b-b5a9-ed3156d28216" />
      <TestMethod codeBase="C:\Repos\Microsoft\CCOInsights\CCO-Dashboards\Dashboards\CCO-Backend\Solution\tests\CCOInsights.SubscriptionManager.UnitTests\bin\Release\net8.0\CCOInsights.SubscriptionManager.UnitTests.dll" adapterTypeName="executor://xunit/VsTestRunner2/netcoreapp" className="CCOInsights.SubscriptionManager.UnitTests.PublicIPUpdaterTests" name="UpdateAsync_ShouldUpdate_IfValid" />
    </UnitTest>
    <UnitTest name="CCOInsights.SubscriptionManager.UnitTests.KeyVaultUpdaterTests.UpdateAsync_ShouldNotUpdateNics_IfNotValid" storage="c:\repos\microsoft\ccoinsights\cco-dashboards\dashboards\cco-backend\solution\tests\ccoinsights.subscriptionmanager.unittests\bin\release\net8.0\ccoinsights.subscriptionmanager.unittests.dll" id="d5d7d81a-ca58-f9e0-ef57-7ab6db46d876">
      <Execution id="264507c5-4081-4573-b883-7f0f2afc4d8b" />
      <TestMethod codeBase="C:\Repos\Microsoft\CCOInsights\CCO-Dashboards\Dashboards\CCO-Backend\Solution\tests\CCOInsights.SubscriptionManager.UnitTests\bin\Release\net8.0\CCOInsights.SubscriptionManager.UnitTests.dll" adapterTypeName="executor://xunit/VsTestRunner2/netcoreapp" className="CCOInsights.SubscriptionManager.UnitTests.KeyVaultUpdaterTests" name="UpdateAsync_ShouldNotUpdateNics_IfNotValid" />
    </UnitTest>
    <UnitTest name="CCOInsights.SubscriptionManager.UnitTests.DataLakeContainerProviderTests.DataLakeContainerProvider_DataLakeContainerName_ShouldBeEqual" storage="c:\repos\microsoft\ccoinsights\cco-dashboards\dashboards\cco-backend\solution\tests\ccoinsights.subscriptionmanager.unittests\bin\release\net8.0\ccoinsights.subscriptionmanager.unittests.dll" id="efd46a44-df2b-8332-38b7-e02686ae12d3">
      <Execution id="356b3a80-e295-4733-b8fe-7d20348ad405" />
      <TestMethod codeBase="C:\Repos\Microsoft\CCOInsights\CCO-Dashboards\Dashboards\CCO-Backend\Solution\tests\CCOInsights.SubscriptionManager.UnitTests\bin\Release\net8.0\CCOInsights.SubscriptionManager.UnitTests.dll" adapterTypeName="executor://xunit/VsTestRunner2/netcoreapp" className="CCOInsights.SubscriptionManager.UnitTests.DataLakeContainerProviderTests" name="DataLakeContainerProvider_DataLakeContainerName_ShouldBeEqual" />
    </UnitTest>
    <UnitTest name="CCOInsights.SubscriptionManager.UnitTests.BlueprintArtifactUpdaterTests.UpdateAsync_ShouldUpdate_IfValid" storage="c:\repos\microsoft\ccoinsights\cco-dashboards\dashboards\cco-backend\solution\tests\ccoinsights.subscriptionmanager.unittests\bin\release\net8.0\ccoinsights.subscriptionmanager.unittests.dll" id="39da530f-a6cb-9345-16b2-fc6c764accc6">
      <Execution id="2f42d53a-a296-4bc5-9fc8-097379f64204" />
      <TestMethod codeBase="C:\Repos\Microsoft\CCOInsights\CCO-Dashboards\Dashboards\CCO-Backend\Solution\tests\CCOInsights.SubscriptionManager.UnitTests\bin\Release\net8.0\CCOInsights.SubscriptionManager.UnitTests.dll" adapterTypeName="executor://xunit/VsTestRunner2/netcoreapp" className="CCOInsights.SubscriptionManager.UnitTests.BlueprintArtifactUpdaterTests" name="UpdateAsync_ShouldUpdate_IfValid" />
    </UnitTest>
    <UnitTest name="CCOInsights.SubscriptionManager.UnitTests.VirtualMachineExtensionUpdaterTests.UpdateAsync_ShouldUpdate_IfValid" storage="c:\repos\microsoft\ccoinsights\cco-dashboards\dashboards\cco-backend\solution\tests\ccoinsights.subscriptionmanager.unittests\bin\release\net8.0\ccoinsights.subscriptionmanager.unittests.dll" id="1518fa99-592a-ab3b-0b8d-c25e172cf871">
      <Execution id="0debb57c-644d-4e97-8429-ebe171fd2e10" />
      <TestMethod codeBase="C:\Repos\Microsoft\CCOInsights\CCO-Dashboards\Dashboards\CCO-Backend\Solution\tests\CCOInsights.SubscriptionManager.UnitTests\bin\Release\net8.0\CCOInsights.SubscriptionManager.UnitTests.dll" adapterTypeName="executor://xunit/VsTestRunner2/netcoreapp" className="CCOInsights.SubscriptionManager.UnitTests.VirtualMachineExtensionUpdaterTests" name="UpdateAsync_ShouldUpdate_IfValid" />
    </UnitTest>
    <UnitTest name="CCOInsights.SubscriptionManager.UnitTests.PolicyDefinitionsUpdaterTests.ShouldUpdate_IfValid" storage="c:\repos\microsoft\ccoinsights\cco-dashboards\dashboards\cco-backend\solution\tests\ccoinsights.subscriptionmanager.unittests\bin\release\net8.0\ccoinsights.subscriptionmanager.unittests.dll" id="3bea807f-5eb2-4b9b-c6f1-253e3dcc218f">
      <Execution id="18f9ce7a-0c4c-424a-b8da-9c737bd01fe9" />
      <TestMethod codeBase="C:\Repos\Microsoft\CCOInsights\CCO-Dashboards\Dashboards\CCO-Backend\Solution\tests\CCOInsights.SubscriptionManager.UnitTests\bin\Release\net8.0\CCOInsights.SubscriptionManager.UnitTests.dll" adapterTypeName="executor://xunit/VsTestRunner2/netcoreapp" className="CCOInsights.SubscriptionManager.UnitTests.PolicyDefinitionsUpdaterTests" name="ShouldUpdate_IfValid" />
    </UnitTest>
    <UnitTest name="CCOInsights.SubscriptionManager.UnitTests.NetworkUsagesUpdaterTests.UpdateAsync_ShouldUpdate_IfValid" storage="c:\repos\microsoft\ccoinsights\cco-dashboards\dashboards\cco-backend\solution\tests\ccoinsights.subscriptionmanager.unittests\bin\release\net8.0\ccoinsights.subscriptionmanager.unittests.dll" id="f6a2873e-8277-42de-a0b3-c009da4b7947">
      <Execution id="6b5bb9b9-121d-4595-9421-7c6b0608eac9" />
      <TestMethod codeBase="C:\Repos\Microsoft\CCOInsights\CCO-Dashboards\Dashboards\CCO-Backend\Solution\tests\CCOInsights.SubscriptionManager.UnitTests\bin\Release\net8.0\CCOInsights.SubscriptionManager.UnitTests.dll" adapterTypeName="executor://xunit/VsTestRunner2/netcoreapp" className="CCOInsights.SubscriptionManager.UnitTests.NetworkUsagesUpdaterTests" name="UpdateAsync_ShouldUpdate_IfValid" />
    </UnitTest>
    <UnitTest name="CCOInsights.SubscriptionManager.UnitTests.DisksUpdaterTests.UpdateAsync_ShouldUpdate_IfValid" storage="c:\repos\microsoft\ccoinsights\cco-dashboards\dashboards\cco-backend\solution\tests\ccoinsights.subscriptionmanager.unittests\bin\release\net8.0\ccoinsights.subscriptionmanager.unittests.dll" id="ae31c901-66c0-5a4c-3d30-7a275679bb36">
      <Execution id="717b9d6f-9d26-4ae1-93df-a65be98b9632" />
      <TestMethod codeBase="C:\Repos\Microsoft\CCOInsights\CCO-Dashboards\Dashboards\CCO-Backend\Solution\tests\CCOInsights.SubscriptionManager.UnitTests\bin\Release\net8.0\CCOInsights.SubscriptionManager.UnitTests.dll" adapterTypeName="executor://xunit/VsTestRunner2/netcoreapp" className="CCOInsights.SubscriptionManager.UnitTests.DisksUpdaterTests" name="UpdateAsync_ShouldUpdate_IfValid" />
    </UnitTest>
    <UnitTest name="CCOInsights.SubscriptionManager.UnitTests.ResourcesUpdaterTests.UpdateAsync_ShouldUpdate_IfValid" storage="c:\repos\microsoft\ccoinsights\cco-dashboards\dashboards\cco-backend\solution\tests\ccoinsights.subscriptionmanager.unittests\bin\release\net8.0\ccoinsights.subscriptionmanager.unittests.dll" id="858fa877-65cd-99c7-5410-21dafd8c6eb8">
      <Execution id="1d28b517-cde2-489a-8687-f3f0153f6404" />
      <TestMethod codeBase="C:\Repos\Microsoft\CCOInsights\CCO-Dashboards\Dashboards\CCO-Backend\Solution\tests\CCOInsights.SubscriptionManager.UnitTests\bin\Release\net8.0\CCOInsights.SubscriptionManager.UnitTests.dll" adapterTypeName="executor://xunit/VsTestRunner2/netcoreapp" className="CCOInsights.SubscriptionManager.UnitTests.ResourcesUpdaterTests" name="UpdateAsync_ShouldUpdate_IfValid" />
    </UnitTest>
    <UnitTest name="CCOInsights.SubscriptionManager.UnitTests.DefenderSecureScoreControlUpdaterTests.UpdateAsync_ShouldUpdate_IfValid" storage="c:\repos\microsoft\ccoinsights\cco-dashboards\dashboards\cco-backend\solution\tests\ccoinsights.subscriptionmanager.unittests\bin\release\net8.0\ccoinsights.subscriptionmanager.unittests.dll" id="223ef07d-c3a3-9189-b4bc-ff2d3851756a">
      <Execution id="f9a4ff94-7422-4add-8566-d12b42e7095b" />
      <TestMethod codeBase="C:\Repos\Microsoft\CCOInsights\CCO-Dashboards\Dashboards\CCO-Backend\Solution\tests\CCOInsights.SubscriptionManager.UnitTests\bin\Release\net8.0\CCOInsights.SubscriptionManager.UnitTests.dll" adapterTypeName="executor://xunit/VsTestRunner2/netcoreapp" className="CCOInsights.SubscriptionManager.UnitTests.DefenderSecureScoreControlUpdaterTests" name="UpdateAsync_ShouldUpdate_IfValid" />
    </UnitTest>
    <UnitTest name="CCOInsights.SubscriptionManager.UnitTests.RoleAssignmentUpdaterTests.UpdateAsync_ShouldUpdate_IfValid" storage="c:\repos\microsoft\ccoinsights\cco-dashboards\dashboards\cco-backend\solution\tests\ccoinsights.subscriptionmanager.unittests\bin\release\net8.0\ccoinsights.subscriptionmanager.unittests.dll" id="7cfb9350-a5fc-46fd-97cd-a41b197682d5">
      <Execution id="fc096b91-436d-4452-a9df-103bc535553f" />
      <TestMethod codeBase="C:\Repos\Microsoft\CCOInsights\CCO-Dashboards\Dashboards\CCO-Backend\Solution\tests\CCOInsights.SubscriptionManager.UnitTests\bin\Release\net8.0\CCOInsights.SubscriptionManager.UnitTests.dll" adapterTypeName="executor://xunit/VsTestRunner2/netcoreapp" className="CCOInsights.SubscriptionManager.UnitTests.RoleAssignmentUpdaterTests" name="UpdateAsync_ShouldUpdate_IfValid" />
    </UnitTest>
    <UnitTest name="CCOInsights.SubscriptionManager.UnitTests.VirtualMachineUpdaterTests.UpdateAsync_ShouldUpdate_IfValid" storage="c:\repos\microsoft\ccoinsights\cco-dashboards\dashboards\cco-backend\solution\tests\ccoinsights.subscriptionmanager.unittests\bin\release\net8.0\ccoinsights.subscriptionmanager.unittests.dll" id="fd2211c5-35a8-af94-c59e-0378331fd92c">
      <Execution id="7cc9043a-39fa-4f76-a6e5-3ef4467a96bb" />
      <TestMethod codeBase="C:\Repos\Microsoft\CCOInsights\CCO-Dashboards\Dashboards\CCO-Backend\Solution\tests\CCOInsights.SubscriptionManager.UnitTests\bin\Release\net8.0\CCOInsights.SubscriptionManager.UnitTests.dll" adapterTypeName="executor://xunit/VsTestRunner2/netcoreapp" className="CCOInsights.SubscriptionManager.UnitTests.VirtualMachineUpdaterTests" name="UpdateAsync_ShouldUpdate_IfValid" />
    </UnitTest>
    <UnitTest name="CCOInsights.SubscriptionManager.UnitTests.KeyVaultUpdaterTests.UpdateAsync_ShouldUpdateNics_IfValid" storage="c:\repos\microsoft\ccoinsights\cco-dashboards\dashboards\cco-backend\solution\tests\ccoinsights.subscriptionmanager.unittests\bin\release\net8.0\ccoinsights.subscriptionmanager.unittests.dll" id="f8651360-0c02-3a6a-605d-ceea29ba2640">
      <Execution id="e6835c3e-9f15-4a9c-aaca-492e509ff8d9" />
      <TestMethod codeBase="C:\Repos\Microsoft\CCOInsights\CCO-Dashboards\Dashboards\CCO-Backend\Solution\tests\CCOInsights.SubscriptionManager.UnitTests\bin\Release\net8.0\CCOInsights.SubscriptionManager.UnitTests.dll" adapterTypeName="executor://xunit/VsTestRunner2/netcoreapp" className="CCOInsights.SubscriptionManager.UnitTests.KeyVaultUpdaterTests" name="UpdateAsync_ShouldUpdateNics_IfValid" />
    </UnitTest>
    <UnitTest name="CCOInsights.SubscriptionManager.UnitTests.NicsUpdaterTests.UpdateAsync_ShouldNotUpdateNics_IfNotValid" storage="c:\repos\microsoft\ccoinsights\cco-dashboards\dashboards\cco-backend\solution\tests\ccoinsights.subscriptionmanager.unittests\bin\release\net8.0\ccoinsights.subscriptionmanager.unittests.dll" id="eb473d8d-2c5f-fbed-e8be-c4d41a9c78e1">
      <Execution id="ee4490ec-7ffc-4223-8766-c433acced71d" />
      <TestMethod codeBase="C:\Repos\Microsoft\CCOInsights\CCO-Dashboards\Dashboards\CCO-Backend\Solution\tests\CCOInsights.SubscriptionManager.UnitTests\bin\Release\net8.0\CCOInsights.SubscriptionManager.UnitTests.dll" adapterTypeName="executor://xunit/VsTestRunner2/netcoreapp" className="CCOInsights.SubscriptionManager.UnitTests.NicsUpdaterTests" name="UpdateAsync_ShouldNotUpdateNics_IfNotValid" />
    </UnitTest>
    <UnitTest name="CCOInsights.SubscriptionManager.UnitTests.VirtualMachinePatchUpdaterTests.UpdateAsync_ShouldUpdate_IfValid" storage="c:\repos\microsoft\ccoinsights\cco-dashboards\dashboards\cco-backend\solution\tests\ccoinsights.subscriptionmanager.unittests\bin\release\net8.0\ccoinsights.subscriptionmanager.unittests.dll" id="1805e240-ff99-8336-07f7-3250981d4842">
      <Execution id="e32e10c3-edc8-4e6d-862f-69e692391668" />
      <TestMethod codeBase="C:\Repos\Microsoft\CCOInsights\CCO-Dashboards\Dashboards\CCO-Backend\Solution\tests\CCOInsights.SubscriptionManager.UnitTests\bin\Release\net8.0\CCOInsights.SubscriptionManager.UnitTests.dll" adapterTypeName="executor://xunit/VsTestRunner2/netcoreapp" className="CCOInsights.SubscriptionManager.UnitTests.VirtualMachinePatchUpdaterTests" name="UpdateAsync_ShouldUpdate_IfValid" />
    </UnitTest>
    <UnitTest name="CCOInsights.SubscriptionManager.UnitTests.SubAssessmentUpdaterTests.UpdateAsync_ShouldUpdate_IfValid" storage="c:\repos\microsoft\ccoinsights\cco-dashboards\dashboards\cco-backend\solution\tests\ccoinsights.subscriptionmanager.unittests\bin\release\net8.0\ccoinsights.subscriptionmanager.unittests.dll" id="627ca31a-58e7-bde6-8288-5c5036e3bcdb">
      <Execution id="cec258ee-574b-4a9f-bc29-e0a4f59cc180" />
      <TestMethod codeBase="C:\Repos\Microsoft\CCOInsights\CCO-Dashboards\Dashboards\CCO-Backend\Solution\tests\CCOInsights.SubscriptionManager.UnitTests\bin\Release\net8.0\CCOInsights.SubscriptionManager.UnitTests.dll" adapterTypeName="executor://xunit/VsTestRunner2/netcoreapp" className="CCOInsights.SubscriptionManager.UnitTests.SubAssessmentUpdaterTests" name="UpdateAsync_ShouldUpdate_IfValid" />
    </UnitTest>
    <UnitTest name="CCOInsights.SubscriptionManager.UnitTests.AppServicePlansUpdaterTests.UpdateAsync_ShouldUpdate_IfValid" storage="c:\repos\microsoft\ccoinsights\cco-dashboards\dashboards\cco-backend\solution\tests\ccoinsights.subscriptionmanager.unittests\bin\release\net8.0\ccoinsights.subscriptionmanager.unittests.dll" id="9b8a947f-494e-7882-3d4a-bb66356dbe4b">
      <Execution id="cfc1320f-4219-4523-aa4a-752d1fda06b9" />
      <TestMethod codeBase="C:\Repos\Microsoft\CCOInsights\CCO-Dashboards\Dashboards\CCO-Backend\Solution\tests\CCOInsights.SubscriptionManager.UnitTests\bin\Release\net8.0\CCOInsights.SubscriptionManager.UnitTests.dll" adapterTypeName="executor://xunit/VsTestRunner2/netcoreapp" className="CCOInsights.SubscriptionManager.UnitTests.AppServicePlansUpdaterTests" name="UpdateAsync_ShouldUpdate_IfValid" />
    </UnitTest>
    <UnitTest name="CCOInsights.SubscriptionManager.UnitTests.StorageUsageUpdaterTests.UpdateAsync_ShouldUpdate_IfValid" storage="c:\repos\microsoft\ccoinsights\cco-dashboards\dashboards\cco-backend\solution\tests\ccoinsights.subscriptionmanager.unittests\bin\release\net8.0\ccoinsights.subscriptionmanager.unittests.dll" id="40b0739b-7f45-7068-e0e2-30453a3515d9">
      <Execution id="834d4a9c-f928-4f62-8767-8dfe6faa95a0" />
      <TestMethod codeBase="C:\Repos\Microsoft\CCOInsights\CCO-Dashboards\Dashboards\CCO-Backend\Solution\tests\CCOInsights.SubscriptionManager.UnitTests\bin\Release\net8.0\CCOInsights.SubscriptionManager.UnitTests.dll" adapterTypeName="executor://xunit/VsTestRunner2/netcoreapp" className="CCOInsights.SubscriptionManager.UnitTests.StorageUsageUpdaterTests" name="UpdateAsync_ShouldUpdate_IfValid" />
    </UnitTest>
    <UnitTest name="CCOInsights.SubscriptionManager.UnitTests.ComputeUsageUpdaterTests.ComputeUsageUpdater_UpdateAsync_ShouldUpdate_IfValid" storage="c:\repos\microsoft\ccoinsights\cco-dashboards\dashboards\cco-backend\solution\tests\ccoinsights.subscriptionmanager.unittests\bin\release\net8.0\ccoinsights.subscriptionmanager.unittests.dll" id="57c334b0-ea5c-f071-d6ea-7c54bb6bd57e">
      <Execution id="cae7a7fa-06e7-4076-915c-96559c610b54" />
      <TestMethod codeBase="C:\Repos\Microsoft\CCOInsights\CCO-Dashboards\Dashboards\CCO-Backend\Solution\tests\CCOInsights.SubscriptionManager.UnitTests\bin\Release\net8.0\CCOInsights.SubscriptionManager.UnitTests.dll" adapterTypeName="executor://xunit/VsTestRunner2/netcoreapp" className="CCOInsights.SubscriptionManager.UnitTests.ComputeUsageUpdaterTests" name="ComputeUsageUpdater_UpdateAsync_ShouldUpdate_IfValid" />
    </UnitTest>
    <UnitTest name="CCOInsights.SubscriptionManager.UnitTests.EntitiesUpdaterTests.UpdateAsync_ShouldUpdate_IfValid" storage="c:\repos\microsoft\ccoinsights\cco-dashboards\dashboards\cco-backend\solution\tests\ccoinsights.subscriptionmanager.unittests\bin\release\net8.0\ccoinsights.subscriptionmanager.unittests.dll" id="1fc1bc7a-1057-8d35-e351-6a62548fa0cf">
      <Execution id="7260945e-b182-401a-9707-feda75b41dbc" />
      <TestMethod codeBase="C:\Repos\Microsoft\CCOInsights\CCO-Dashboards\Dashboards\CCO-Backend\Solution\tests\CCOInsights.SubscriptionManager.UnitTests\bin\Release\net8.0\CCOInsights.SubscriptionManager.UnitTests.dll" adapterTypeName="executor://xunit/VsTestRunner2/netcoreapp" className="CCOInsights.SubscriptionManager.UnitTests.EntitiesUpdaterTests" name="UpdateAsync_ShouldUpdate_IfValid" />
    </UnitTest>
    <UnitTest name="CCOInsights.SubscriptionManager.UnitTests.AdvisorScoreUpdaterTests.UpdateAsync_ShouldUpdate_IfValid" storage="c:\repos\microsoft\ccoinsights\cco-dashboards\dashboards\cco-backend\solution\tests\ccoinsights.subscriptionmanager.unittests\bin\release\net8.0\ccoinsights.subscriptionmanager.unittests.dll" id="e2402eb5-5b50-765d-8198-52972d200f1d">
      <Execution id="0eb6f0a2-09a5-483e-aa61-b354e2cf094c" />
      <TestMethod codeBase="C:\Repos\Microsoft\CCOInsights\CCO-Dashboards\Dashboards\CCO-Backend\Solution\tests\CCOInsights.SubscriptionManager.UnitTests\bin\Release\net8.0\CCOInsights.SubscriptionManager.UnitTests.dll" adapterTypeName="executor://xunit/VsTestRunner2/netcoreapp" className="CCOInsights.SubscriptionManager.UnitTests.AdvisorScoreUpdaterTests" name="UpdateAsync_ShouldUpdate_IfValid" />
    </UnitTest>
    <UnitTest name="CCOInsights.SubscriptionManager.UnitTests.BlueprintUpdaterTests.UpdateAsync_ShouldUpdate_IfValid" storage="c:\repos\microsoft\ccoinsights\cco-dashboards\dashboards\cco-backend\solution\tests\ccoinsights.subscriptionmanager.unittests\bin\release\net8.0\ccoinsights.subscriptionmanager.unittests.dll" id="32e4d274-cc5c-f39d-6f32-062cad8c2e74">
      <Execution id="b669bfeb-14e1-413d-9d2f-28c79a5aa257" />
      <TestMethod codeBase="C:\Repos\Microsoft\CCOInsights\CCO-Dashboards\Dashboards\CCO-Backend\Solution\tests\CCOInsights.SubscriptionManager.UnitTests\bin\Release\net8.0\CCOInsights.SubscriptionManager.UnitTests.dll" adapterTypeName="executor://xunit/VsTestRunner2/netcoreapp" className="CCOInsights.SubscriptionManager.UnitTests.BlueprintUpdaterTests" name="UpdateAsync_ShouldUpdate_IfValid" />
    </UnitTest>
    <UnitTest name="CCOInsights.SubscriptionManager.UnitTests.PolicySetDefinitionsUpdaterTests.UpdateAsync_ShouldUpdate_IfValid" storage="c:\repos\microsoft\ccoinsights\cco-dashboards\dashboards\cco-backend\solution\tests\ccoinsights.subscriptionmanager.unittests\bin\release\net8.0\ccoinsights.subscriptionmanager.unittests.dll" id="f846cd99-6986-accf-1a02-1bdebc372d55">
      <Execution id="d096245c-b53e-44ac-a3ae-38193bd607d8" />
      <TestMethod codeBase="C:\Repos\Microsoft\CCOInsights\CCO-Dashboards\Dashboards\CCO-Backend\Solution\tests\CCOInsights.SubscriptionManager.UnitTests\bin\Release\net8.0\CCOInsights.SubscriptionManager.UnitTests.dll" adapterTypeName="executor://xunit/VsTestRunner2/netcoreapp" className="CCOInsights.SubscriptionManager.UnitTests.PolicySetDefinitionsUpdaterTests" name="UpdateAsync_ShouldUpdate_IfValid" />
    </UnitTest>
    <UnitTest name="CCOInsights.SubscriptionManager.UnitTests.SubscriptionsUpdaterTests.UpdateAsync_ShouldUpdate_IfValid" storage="c:\repos\microsoft\ccoinsights\cco-dashboards\dashboards\cco-backend\solution\tests\ccoinsights.subscriptionmanager.unittests\bin\release\net8.0\ccoinsights.subscriptionmanager.unittests.dll" id="32a73b8d-5d41-587a-eaa1-4e098be8627a">
      <Execution id="9205b052-e419-4d92-bb8f-c4cba4051cd9" />
      <TestMethod codeBase="C:\Repos\Microsoft\CCOInsights\CCO-Dashboards\Dashboards\CCO-Backend\Solution\tests\CCOInsights.SubscriptionManager.UnitTests\bin\Release\net8.0\CCOInsights.SubscriptionManager.UnitTests.dll" adapterTypeName="executor://xunit/VsTestRunner2/netcoreapp" className="CCOInsights.SubscriptionManager.UnitTests.SubscriptionsUpdaterTests" name="UpdateAsync_ShouldUpdate_IfValid" />
    </UnitTest>
    <UnitTest name="CCOInsights.SubscriptionManager.UnitTests.LocationsUpdaterTests.UpdateAsync_ShouldUpdate_IfValid" storage="c:\repos\microsoft\ccoinsights\cco-dashboards\dashboards\cco-backend\solution\tests\ccoinsights.subscriptionmanager.unittests\bin\release\net8.0\ccoinsights.subscriptionmanager.unittests.dll" id="9cbea815-b88e-a8fe-f890-6160fd1549de">
      <Execution id="3cbe6d9d-18b6-4063-b2bd-0a6f0e9b9099" />
      <TestMethod codeBase="C:\Repos\Microsoft\CCOInsights\CCO-Dashboards\Dashboards\CCO-Backend\Solution\tests\CCOInsights.SubscriptionManager.UnitTests\bin\Release\net8.0\CCOInsights.SubscriptionManager.UnitTests.dll" adapterTypeName="executor://xunit/VsTestRunner2/netcoreapp" className="CCOInsights.SubscriptionManager.UnitTests.LocationsUpdaterTests" name="UpdateAsync_ShouldUpdate_IfValid" />
    </UnitTest>
    <UnitTest name="CCOInsights.SubscriptionManager.UnitTests.NicsUpdaterTests.UpdateAsync_ShouldUpdateNics_IfValid" storage="c:\repos\microsoft\ccoinsights\cco-dashboards\dashboards\cco-backend\solution\tests\ccoinsights.subscriptionmanager.unittests\bin\release\net8.0\ccoinsights.subscriptionmanager.unittests.dll" id="e1a2afff-03cf-cfd4-16c4-3396a0593421">
      <Execution id="12d1a892-6101-474c-99dd-f480244717cb" />
      <TestMethod codeBase="C:\Repos\Microsoft\CCOInsights\CCO-Dashboards\Dashboards\CCO-Backend\Solution\tests\CCOInsights.SubscriptionManager.UnitTests\bin\Release\net8.0\CCOInsights.SubscriptionManager.UnitTests.dll" adapterTypeName="executor://xunit/VsTestRunner2/netcoreapp" className="CCOInsights.SubscriptionManager.UnitTests.NicsUpdaterTests" name="UpdateAsync_ShouldUpdateNics_IfValid" />
    </UnitTest>
    <UnitTest name="CCOInsights.SubscriptionManager.UnitTests.DefenderAlertUpdaterTests.UpdateAsync_ShouldUpdate_IfValid" storage="c:\repos\microsoft\ccoinsights\cco-dashboards\dashboards\cco-backend\solution\tests\ccoinsights.subscriptionmanager.unittests\bin\release\net8.0\ccoinsights.subscriptionmanager.unittests.dll" id="77e72a71-f746-fb18-a175-e274d8dcad67">
      <Execution id="1dde27ed-d31c-4d97-8e83-497f5d6b7a97" />
      <TestMethod codeBase="C:\Repos\Microsoft\CCOInsights\CCO-Dashboards\Dashboards\CCO-Backend\Solution\tests\CCOInsights.SubscriptionManager.UnitTests\bin\Release\net8.0\CCOInsights.SubscriptionManager.UnitTests.dll" adapterTypeName="executor://xunit/VsTestRunner2/netcoreapp" className="CCOInsights.SubscriptionManager.UnitTests.DefenderAlertUpdaterTests" name="UpdateAsync_ShouldUpdate_IfValid" />
    </UnitTest>
    <UnitTest name="CCOInsights.SubscriptionManager.UnitTests.RoleDefinitionsUpdaterTests.UpdateAsync_ShouldUpdate_IfValid" storage="c:\repos\microsoft\ccoinsights\cco-dashboards\dashboards\cco-backend\solution\tests\ccoinsights.subscriptionmanager.unittests\bin\release\net8.0\ccoinsights.subscriptionmanager.unittests.dll" id="d770573b-946f-864b-c62b-9827b24b6d24">
      <Execution id="b9affad2-a6b9-4622-9ee0-b171f5a09458" />
      <TestMethod codeBase="C:\Repos\Microsoft\CCOInsights\CCO-Dashboards\Dashboards\CCO-Backend\Solution\tests\CCOInsights.SubscriptionManager.UnitTests\bin\Release\net8.0\CCOInsights.SubscriptionManager.UnitTests.dll" adapterTypeName="executor://xunit/VsTestRunner2/netcoreapp" className="CCOInsights.SubscriptionManager.UnitTests.RoleDefinitionsUpdaterTests" name="UpdateAsync_ShouldUpdate_IfValid" />
    </UnitTest>
    <UnitTest name="CCOInsights.SubscriptionManager.UnitTests.DefenderAssessmentUpdaterTests.UpdateAsync_ShouldUpdate_IfValid" storage="c:\repos\microsoft\ccoinsights\cco-dashboards\dashboards\cco-backend\solution\tests\ccoinsights.subscriptionmanager.unittests\bin\release\net8.0\ccoinsights.subscriptionmanager.unittests.dll" id="b7e31e37-388d-daab-3a57-6b421b9393dd">
      <Execution id="9e80bb54-e079-4cb2-9d9d-c37f02ccabeb" />
      <TestMethod codeBase="C:\Repos\Microsoft\CCOInsights\CCO-Dashboards\Dashboards\CCO-Backend\Solution\tests\CCOInsights.SubscriptionManager.UnitTests\bin\Release\net8.0\CCOInsights.SubscriptionManager.UnitTests.dll" adapterTypeName="executor://xunit/VsTestRunner2/netcoreapp" className="CCOInsights.SubscriptionManager.UnitTests.DefenderAssessmentUpdaterTests" name="UpdateAsync_ShouldUpdate_IfValid" />
    </UnitTest>
    <UnitTest name="CCOInsights.SubscriptionManager.UnitTests.VirtualNetworksUpdaterTests.UpdateAsync_ShouldUpdate_IfValid" storage="c:\repos\microsoft\ccoinsights\cco-dashboards\dashboards\cco-backend\solution\tests\ccoinsights.subscriptionmanager.unittests\bin\release\net8.0\ccoinsights.subscriptionmanager.unittests.dll" id="c8aa71ca-400f-4520-0f62-4421f3269ffe">
      <Execution id="9c262d6c-0190-4712-842a-adda47b1c93a" />
      <TestMethod codeBase="C:\Repos\Microsoft\CCOInsights\CCO-Dashboards\Dashboards\CCO-Backend\Solution\tests\CCOInsights.SubscriptionManager.UnitTests\bin\Release\net8.0\CCOInsights.SubscriptionManager.UnitTests.dll" adapterTypeName="executor://xunit/VsTestRunner2/netcoreapp" className="CCOInsights.SubscriptionManager.UnitTests.VirtualNetworksUpdaterTests" name="UpdateAsync_ShouldUpdate_IfValid" />
    </UnitTest>
    <UnitTest name="CCOInsights.SubscriptionManager.UnitTests.PricingUpdaterTests.UpdateAsync_ShouldUpdate_IfValid" storage="c:\repos\microsoft\ccoinsights\cco-dashboards\dashboards\cco-backend\solution\tests\ccoinsights.subscriptionmanager.unittests\bin\release\net8.0\ccoinsights.subscriptionmanager.unittests.dll" id="1bd3428b-75b2-0bd3-5a4a-8e2beb92b4a4">
      <Execution id="72e2b480-3175-4abc-b4ee-1ad218924d77" />
      <TestMethod codeBase="C:\Repos\Microsoft\CCOInsights\CCO-Dashboards\Dashboards\CCO-Backend\Solution\tests\CCOInsights.SubscriptionManager.UnitTests\bin\Release\net8.0\CCOInsights.SubscriptionManager.UnitTests.dll" adapterTypeName="executor://xunit/VsTestRunner2/netcoreapp" className="CCOInsights.SubscriptionManager.UnitTests.PricingUpdaterTests" name="UpdateAsync_ShouldUpdate_IfValid" />
    </UnitTest>
  </TestDefinitions>
  <TestEntries>
    <TestEntry testId="d770573b-946f-864b-c62b-9827b24b6d24" executionId="b9affad2-a6b9-4622-9ee0-b171f5a09458" testListId="8c84fa94-04c1-424b-9868-57a2d4851a1d" />
    <TestEntry testId="ae31c901-66c0-5a4c-3d30-7a275679bb36" executionId="717b9d6f-9d26-4ae1-93df-a65be98b9632" testListId="8c84fa94-04c1-424b-9868-57a2d4851a1d" />
    <TestEntry testId="39da530f-a6cb-9345-16b2-fc6c764accc6" executionId="2f42d53a-a296-4bc5-9fc8-097379f64204" testListId="8c84fa94-04c1-424b-9868-57a2d4851a1d" />
    <TestEntry testId="e2402eb5-5b50-765d-8198-52972d200f1d" executionId="0eb6f0a2-09a5-483e-aa61-b354e2cf094c" testListId="8c84fa94-04c1-424b-9868-57a2d4851a1d" />
    <TestEntry testId="9b8a947f-494e-7882-3d4a-bb66356dbe4b" executionId="cfc1320f-4219-4523-aa4a-752d1fda06b9" testListId="8c84fa94-04c1-424b-9868-57a2d4851a1d" />
    <TestEntry testId="f8651360-0c02-3a6a-605d-ceea29ba2640" executionId="e6835c3e-9f15-4a9c-aaca-492e509ff8d9" testListId="8c84fa94-04c1-424b-9868-57a2d4851a1d" />
    <TestEntry testId="32a73b8d-5d41-587a-eaa1-4e098be8627a" executionId="9205b052-e419-4d92-bb8f-c4cba4051cd9" testListId="8c84fa94-04c1-424b-9868-57a2d4851a1d" />
    <TestEntry testId="7cfb9350-a5fc-46fd-97cd-a41b197682d5" executionId="fc096b91-436d-4452-a9df-103bc535553f" testListId="8c84fa94-04c1-424b-9868-57a2d4851a1d" />
    <TestEntry testId="341938e6-c16b-8e55-6a4d-665786e87869" executionId="e3ae3680-295c-403b-b5a9-ed3156d28216" testListId="8c84fa94-04c1-424b-9868-57a2d4851a1d" />
    <TestEntry testId="efd46a44-df2b-8332-38b7-e02686ae12d3" executionId="356b3a80-e295-4733-b8fe-7d20348ad405" testListId="8c84fa94-04c1-424b-9868-57a2d4851a1d" />
    <TestEntry testId="c8aa71ca-400f-4520-0f62-4421f3269ffe" executionId="9c262d6c-0190-4712-842a-adda47b1c93a" testListId="8c84fa94-04c1-424b-9868-57a2d4851a1d" />
    <TestEntry testId="fd2211c5-35a8-af94-c59e-0378331fd92c" executionId="7cc9043a-39fa-4f76-a6e5-3ef4467a96bb" testListId="8c84fa94-04c1-424b-9868-57a2d4851a1d" />
    <TestEntry testId="32e4d274-cc5c-f39d-6f32-062cad8c2e74" executionId="b669bfeb-14e1-413d-9d2f-28c79a5aa257" testListId="8c84fa94-04c1-424b-9868-57a2d4851a1d" />
    <TestEntry testId="627ca31a-58e7-bde6-8288-5c5036e3bcdb" executionId="cec258ee-574b-4a9f-bc29-e0a4f59cc180" testListId="8c84fa94-04c1-424b-9868-57a2d4851a1d" />
    <TestEntry testId="1518fa99-592a-ab3b-0b8d-c25e172cf871" executionId="0debb57c-644d-4e97-8429-ebe171fd2e10" testListId="8c84fa94-04c1-424b-9868-57a2d4851a1d" />
    <TestEntry testId="4200e7c7-e5a8-ebaf-a306-de76d5443e66" executionId="1bef17d1-a4ff-417e-89a3-377737ac4f38" testListId="8c84fa94-04c1-424b-9868-57a2d4851a1d" />
    <TestEntry testId="77e72a71-f746-fb18-a175-e274d8dcad67" executionId="1dde27ed-d31c-4d97-8e83-497f5d6b7a97" testListId="8c84fa94-04c1-424b-9868-57a2d4851a1d" />
    <TestEntry testId="e67eb20b-60d5-b324-a642-d69daf3ac63d" executionId="3cd851d5-0e49-4002-9593-f17ab70dea84" testListId="8c84fa94-04c1-424b-9868-57a2d4851a1d" />
    <TestEntry testId="223ef07d-c3a3-9189-b4bc-ff2d3851756a" executionId="f9a4ff94-7422-4add-8566-d12b42e7095b" testListId="8c84fa94-04c1-424b-9868-57a2d4851a1d" />
    <TestEntry testId="1805e240-ff99-8336-07f7-3250981d4842" executionId="e32e10c3-edc8-4e6d-862f-69e692391668" testListId="8c84fa94-04c1-424b-9868-57a2d4851a1d" />
    <TestEntry testId="e1a2afff-03cf-cfd4-16c4-3396a0593421" executionId="12d1a892-6101-474c-99dd-f480244717cb" testListId="8c84fa94-04c1-424b-9868-57a2d4851a1d" />
    <TestEntry testId="b7e31e37-388d-daab-3a57-6b421b9393dd" executionId="9e80bb54-e079-4cb2-9d9d-c37f02ccabeb" testListId="8c84fa94-04c1-424b-9868-57a2d4851a1d" />
    <TestEntry testId="1fc1bc7a-1057-8d35-e351-6a62548fa0cf" executionId="7260945e-b182-401a-9707-feda75b41dbc" testListId="8c84fa94-04c1-424b-9868-57a2d4851a1d" />
    <TestEntry testId="5b0d72ac-eb43-3202-9aa1-f417b096823e" executionId="eedcea2f-8d4f-4f29-b9cc-2c506244dcc3" testListId="8c84fa94-04c1-424b-9868-57a2d4851a1d" />
    <TestEntry testId="eb473d8d-2c5f-fbed-e8be-c4d41a9c78e1" executionId="ee4490ec-7ffc-4223-8766-c433acced71d" testListId="8c84fa94-04c1-424b-9868-57a2d4851a1d" />
    <TestEntry testId="858fa877-65cd-99c7-5410-21dafd8c6eb8" executionId="1d28b517-cde2-489a-8687-f3f0153f6404" testListId="8c84fa94-04c1-424b-9868-57a2d4851a1d" />
    <TestEntry testId="3bea807f-5eb2-4b9b-c6f1-253e3dcc218f" executionId="18f9ce7a-0c4c-424a-b8da-9c737bd01fe9" testListId="8c84fa94-04c1-424b-9868-57a2d4851a1d" />
    <TestEntry testId="d5d7d81a-ca58-f9e0-ef57-7ab6db46d876" executionId="264507c5-4081-4573-b883-7f0f2afc4d8b" testListId="8c84fa94-04c1-424b-9868-57a2d4851a1d" />
    <TestEntry testId="f846cd99-6986-accf-1a02-1bdebc372d55" executionId="d096245c-b53e-44ac-a3ae-38193bd607d8" testListId="8c84fa94-04c1-424b-9868-57a2d4851a1d" />
    <TestEntry testId="1bd3428b-75b2-0bd3-5a4a-8e2beb92b4a4" executionId="72e2b480-3175-4abc-b4ee-1ad218924d77" testListId="8c84fa94-04c1-424b-9868-57a2d4851a1d" />
    <TestEntry testId="9cbea815-b88e-a8fe-f890-6160fd1549de" executionId="3cbe6d9d-18b6-4063-b2bd-0a6f0e9b9099" testListId="8c84fa94-04c1-424b-9868-57a2d4851a1d" />
    <TestEntry testId="8285435b-9509-43d1-63b2-a04dd76a15fb" executionId="8219d250-8296-4263-b1ea-97b83846d2e5" testListId="8c84fa94-04c1-424b-9868-57a2d4851a1d" />
    <TestEntry testId="f6a2873e-8277-42de-a0b3-c009da4b7947" executionId="6b5bb9b9-121d-4595-9421-7c6b0608eac9" testListId="8c84fa94-04c1-424b-9868-57a2d4851a1d" />
    <TestEntry testId="25bed6bc-ae68-8402-1ad0-05cfe9608f2e" executionId="f42ff9bb-5339-450a-a167-24b9750dc896" testListId="8c84fa94-04c1-424b-9868-57a2d4851a1d" />
    <TestEntry testId="40b0739b-7f45-7068-e0e2-30453a3515d9" executionId="834d4a9c-f928-4f62-8767-8dfe6faa95a0" testListId="8c84fa94-04c1-424b-9868-57a2d4851a1d" />
    <TestEntry testId="57c334b0-ea5c-f071-d6ea-7c54bb6bd57e" executionId="cae7a7fa-06e7-4076-915c-96559c610b54" testListId="8c84fa94-04c1-424b-9868-57a2d4851a1d" />
    <TestEntry testId="99c77ed7-4179-aa66-2dc8-c990a21c52b0" executionId="45909835-766e-4f30-9550-2dd459a3cfc9" testListId="8c84fa94-04c1-424b-9868-57a2d4851a1d" />
  </TestEntries>
  <TestLists>
    <TestList name="Results Not in a List" id="8c84fa94-04c1-424b-9868-57a2d4851a1d" />
    <TestList name="All Loaded Results" id="19431567-8539-422a-85d7-44ee4e166bda" />
  </TestLists>
  <ResultSummary outcome="Completed">
    <Counters total="37" executed="37" passed="37" failed="0" error="0" timeout="0" aborted="0" inconclusive="0" passedButRunAborted="0" notRunnable="0" notExecuted="0" disconnected="0" warning="0" completed="0" inProgress="0" pending="0" />
    <Output>
      <StdOut>[xUnit.net 00:00:00.00] xUnit.net VSTest Adapter v2.5.7+8f2703126a (64-bit .NET 8.0.6)&#xD;
[xUnit.net 00:00:00.07]   Discovering: CCOInsights.SubscriptionManager.UnitTests&#xD;
[xUnit.net 00:00:00.09]   Discovered:  CCOInsights.SubscriptionManager.UnitTests&#xD;
[xUnit.net 00:00:00.10]   Starting:    CCOInsights.SubscriptionManager.UnitTests&#xD;
[xUnit.net 00:00:00.24]   Finished:    CCOInsights.SubscriptionManager.UnitTests&#xD;
</StdOut>
    </Output>
  </ResultSummary>
</TestRun>